Found c
Found c
Found c
Found c
Found c
Found c
Found c
Found c
Found c
Found c
Found c
Found c
Found c
Found c
Found c
Found c
Found c
Found c
Found c
Found c
Found c
Found c
Found c
Found c
Found c
Found c
Found c
Found c
Found c
Found c
Found c
Found c
Found c
Found c
Found c
Found c
Found c
Found c
Found c
Found c
Found c
Found c
Found c
Found c
Found c
Found c
Found c
Found c
Found c
Found c
Found c
Found c
Found c
Found c
Found c
Found c
Found c
Found c
Found c
Found c
Found c
Found c
Found c
Found c
Found c
Found c
Found c
Found c
Found c
Found c
Found c
Found c
Found c
Found c
Found c
Found c
Found c
Found c
Found c
Found c
Found c
Found c
Found c
Found c
Found c
Found c
Found c
Found c
Found c
Found c
Found c
Found c
Found c
Found c
Found c
Found c
Found c
Found c
Found c
Found c
Found c
Found c
Found c
Found c
Found c
Found c
Found c
Found c
Found c
Found c
Found c
Found c
Found c
Found c
Found c
Found c
Found c
Found c
Found c
Found c
Found c
Found c
Found c
Found c
Found c
Found c
Found c
Found c
Found c
Found c
Found c
Found c
Found c
Found c
Found c
Found c
Found c
Found c
Found c
Found c
Found c
Found c
Found c
Found c
Found c
Found c
Found c
Found c
Found c
Found c
Found c
Found c
Found c
Found c
Found c
Found c
Found c
Found c
Found c
Found c
Found c
Found c
Found c
Found c
Found c
Found c
Found c
Found c
Found c
Found c
Found c
Found c
Found c
Found c
Found c
Found c
Found c
Found c
Found c
Found c
Found c
Found c
Found c
Found c
Found c
Found c
Found c
Found c
Found c
Found c
Found c
Found c
Found c
Found c
Found c
Found c
Found c
Found c
Found c
Found c
Found c
Found c
Found c
Found c
Found c
Found c
Found c
Found c
Found c
Found c
Found c
Found c
Found c
Found c
Found c
Found c
Found c
Found c
Found c
Found c
Found c
Found c
Found c
Found c
Found c
Found c
Found c
Found c
Found c
Found c
Found c
Found c
Found c
Found c
Found c
Found c
Found c
Found c
Found c
Found c
Found c
Found c
Found c
Found c
Found c
Found c
Found c
Found c
Found c
Found c
Found c
Found c
Found c
Found c
Found c
Found c
Found c
Found c
Found c
Found c
Found c
Found c
Found c
Found c
Found c
Found c
Found c
Found c
Found c
Found c
Found c
Found c
Found c
Found c
Found c
Found c
Found c
Found c
Found c
Found c
Found c
Found c
Found c
Found c
Found c
Found c
Found c
Found c
Found c
Found c
Found c
Found c
Found c
Found c
Found c
Found c
Found c
Found c
Found c
Found c
Found c
Found c
Found c
Found c
Found c
Found c
Found c
Found c
Found c
Found c
Found c
Found c
Found c
Found c
Found c
Found c
Found c
Found c
Found c
Found c
Found c
Found c
Found c
Found c
Found c
Found c
Found c
Found c
Found c
Found c
Found c
Found c
Found c
Found c
Found c
Found c
Found c
Found c
Found c
Found c
Found c
Found c
Found c
Found c
Found c
Found c
Found c
Found c
Found c
Found c
Found c
Found c
Found c
Found c
Found c
Found c
Found c
Found c
Found c
Found c
Found c
Found c
Found c
Found c
Found c
Found c
Found c
Found c
Found c
Found c
Found c
Found c
Found c
Found c
Found c
Found c
Found c
Found c
Found c
Found c
Found c
Found c
Found c
Found c
Found c
Found c
Found c
Found c
Found c
Found c
Found c
Found c
Found c
Found c
Found c
Found c
Found c
Found c
Found c
Found c
Found c
Found c
Found c
Found c
Found c
Found c
Found c
Found c
Found c
Found c
Found c
Found c
Found c
Found c
Found c
Found c
Found c
Found c
Found c
Found c
Found c
Found c
Found c
Found c
Found c
Found c
Found c
Found c
Found c
Found c
Found c
Found c
Found c
Found c
Found c
Found c
Found c
Found c
Found c
Found c
Found c
Found c
Found c
Found c
Found c
Found c
Found c
Found c
Found c
Found c
Found c
Found c
Found c
Found c
Found c
Found c
Found c
Found c
Found c
Found c
Found c
Found c
Found c
Found c
Found c
Found c
Found c
Found c
Found c
Found c
Found c
Found c
Found c
Found c
Found c
Found c
Found c
Found c
Found c
Found c
Found c
Found c
Found c
Found c
Found c
Found c
Found c
Found c
Found c
Found c
Found c
Found c
Found c
Found c
Found c
Found c
Found c
Found c
Found c
Found c
Found c
Found c
