rel=nofollow
href=http://www.wikicu.com/Main_Page
innerhtml=Main page
nextChild=
id=