innerhtml=Basketball Scouting Report
nextChild=
class=mw-headline
id=Basketball_Scouting_Report
