BEGIN {
i = 0;
if(i < 0){
baz = 1 + 1;

}else{

}

}
END{

}
