innerhtml=Attractiveness
nextChild=
class=mw-headline
id=Attractiveness
innerhtml=Mating Calls
nextChild=
class=mw-headline
id=Mating_Calls
innerhtml=Basketball Scouting Report
nextChild=
class=mw-headline
id=Basketball_Scouting_Report
innerhtml=Academic Success
nextChild=
class=mw-headline
id=Academic_Success
innerhtml=History
nextChild=
class=mw-headline
id=History
